
> nextn@0.1.0 build
> cross-env NODE_ENV=production next build

Ôû▓ Next.js 16.2.1 (Turbopack)
- Environments: .env.local

  Creating an optimized production build ...
Ô£ô Compiled successfully in 33.3s
  Skipping validation of types
  Finished TypeScript config validation in 53ms ...
  Collecting page data using 7 workers ...
­ƒöù AuthService: Inicializando Pool de PostgreSQL...
­ƒöù AuthService: Inicializando Pool de PostgreSQL...
­ƒöù Configuraci├│n de base de datos: {
  host: '127.0.0.1',
  port: 5432,
  database: 'area_calidad',
  user: 'postgres',
  ssl: { rejectUnauthorized: false },
  environment: 'production'
}
Ô£à AuthService: Pool inicializado correctamente
­ƒöù Configuraci├│n de base de datos: {
  host: '127.0.0.1',
  port: 5432,
  database: 'area_calidad',
  user: 'postgres',
  ssl: { rejectUnauthorized: false },
  environment: 'production'
}
Ô£à AuthService: Pool inicializado correctamente
­ƒöù AuthService: Inicializando Pool de PostgreSQL...
­ƒöù Configuraci├│n de base de datos: {
  host: '127.0.0.1',
  port: 5432,
  database: 'area_calidad',
  user: 'postgres',
  ssl: { rejectUnauthorized: false },
  environment: 'production'
}
Ô£à AuthService: Pool inicializado correctamente
­ƒöù AuthService: Inicializando Pool de PostgreSQL...
­ƒöù Configuraci├│n de base de datos: {
  host: '127.0.0.1',
  port: 5432,
  database: 'area_calidad',
  user: 'postgres',
  ssl: { rejectUnauthorized: false },
  environment: 'production'
}
Ô£à AuthService: Pool inicializado correctamente
­ƒöù AuthService: Inicializando Pool de PostgreSQL...
­ƒöù Configuraci├│n de base de datos: {
  host: '127.0.0.1',
  port: 5432,
  database: 'area_calidad',
  user: 'postgres',
  ssl: { rejectUnauthorized: false },
  environment: 'production'
}
Ô£à AuthService: Pool inicializado correctamente
­ƒöù AuthService: Inicializando Pool de PostgreSQL...
­ƒöù Configuraci├│n de base de datos: {
  host: '127.0.0.1',
  port: 5432,
  database: 'area_calidad',
  user: 'postgres',
  ssl: { rejectUnauthorized: false },
  environment: 'production'
}
Ô£à AuthService: Pool inicializado correctamente
­ƒöù [db.ts] Configuraci├│n de base de datos: {
  host: '127.0.0.1',
  port: 5432,
  database: 'area_calidad',
  user: 'postgres',
  password: '***CONFIGURADA***',
  NODE_ENV: 'production'
}
­ƒöù [db.ts] Configuraci├│n de base de datos: {
  host: '127.0.0.1',
  port: 5432,
  database: 'area_calidad',
  user: 'postgres',
  password: '***CONFIGURADA***',
  NODE_ENV: 'production'
}
­ƒöù [db.ts] Configuraci├│n de base de datos: {
  host: '127.0.0.1',
  port: 5432,
  database: 'area_calidad',
  user: 'postgres',
  password: '***CONFIGURADA***',
  NODE_ENV: 'production'
}
­ƒöù AuthService: Inicializando Pool de PostgreSQL...
­ƒöù Configuraci├│n de base de datos: {
  host: '127.0.0.1',
  port: 5432,
  database: 'area_calidad',
  user: 'postgres',
  ssl: { rejectUnauthorized: false },
  environment: 'production'
}
Ô£à AuthService: Pool inicializado correctamente
­ƒöù [db.ts] Configuraci├│n de base de datos: {
  host: '127.0.0.1',
  port: 5432,
  database: 'area_calidad',
  user: 'postgres',
  password: '***CONFIGURADA***',
  NODE_ENV: 'production'
}
­ƒöù [db.ts] Configuraci├│n de base de datos: {
  host: '127.0.0.1',
  port: 5432,
  database: 'area_calidad',
  user: 'postgres',
  password: '***CONFIGURADA***',
  NODE_ENV: 'production'
}
­ƒöù [db.ts] Configuraci├│n de base de datos: {
  host: '127.0.0.1',
  port: 5432,
  database: 'area_calidad',
  user: 'postgres',
  password: '***CONFIGURADA***',
  NODE_ENV: 'production'
}
­ƒöù [db.ts] Configuraci├│n de base de datos: {
  host: '127.0.0.1',
  port: 5432,
  database: 'area_calidad',
  user: 'postgres',
  password: '***CONFIGURADA***',
  NODE_ENV: 'production'
}
  Generating static pages using 7 workers (0/72) ...
  Generating static pages using 7 workers (18/72) 
  Generating static pages using 7 workers (36/72) 
  Generating static pages using 7 workers (54/72) 
Ô£ô Generating static pages using 7 workers (72/72) in 4.5s
  Finalizing page optimization ...

Route (app)
Ôöî Ôùï /
Ôö£ Ôùï /_not-found
Ôö£ ãÆ /api/auth/login
Ôö£ ãÆ /api/auth/logout
Ôö£ ãÆ /api/auth/me
Ôö£ ãÆ /api/auth/register
Ôö£ ãÆ /api/auth/request-password-reset
Ôö£ ãÆ /api/auth/resend-verification
Ôö£ ãÆ /api/auth/reset-password
Ôö£ ãÆ /api/auth/verify-email
Ôö£ ãÆ /api/bpm-indicators
Ôö£ ãÆ /api/bpm-verifications
Ôö£ ãÆ /api/bpm-verifications/[id]
Ôö£ ãÆ /api/categories
Ôö£ ãÆ /api/categories/check-code
Ôö£ ãÆ /api/check-tables
Ôö£ ãÆ /api/condiciones-ambientales
Ôö£ ãÆ /api/condiciones-ambientales/[id]
Ôö£ ãÆ /api/control-lavado-inactivacion
Ôö£ ãÆ /api/control-lavado-inactivacion/[id]
Ôö£ ãÆ /api/custodia-muestras
Ôö£ ãÆ /api/custodia-muestras/[id]
Ôö£ ãÆ /api/debug-login
Ôö£ ãÆ /api/embalaje-records
Ôö£ ãÆ /api/embalaje-records/[id]
Ôö£ ãÆ /api/embalaje-records/pending
Ôö£ ãÆ /api/embalaje/sampling-rule
Ôö£ ãÆ /api/equipos
Ôö£ ãÆ /api/equipos/[id]
Ôö£ ãÆ /api/equipos/[id]/partes
Ôö£ ãÆ /api/equipos/[id]/sampling-rule
Ôö£ ãÆ /api/equipos/area
Ôö£ ãÆ /api/esterilizacion-autoclave
Ôö£ ãÆ /api/esterilizacion-autoclave/[id]
Ôö£ ãÆ /api/incubadora-control
Ôö£ ãÆ /api/incubadora-control/[id]
Ôö£ ãÆ /api/limpieza-liberaciones
Ôö£ ãÆ /api/limpieza-registros
Ôö£ ãÆ /api/limpieza-tasks
Ôö£ ãÆ /api/limpieza-tasks/[id]
Ôö£ ãÆ /api/limpieza-tasks/[id]/toggle
Ôö£ ãÆ /api/limpieza-verifications
Ôö£ ãÆ /api/limpieza-verifications/[id]
Ôö£ ãÆ /api/medios-cultivo
Ôö£ ãÆ /api/medios-cultivo/[id]
Ôö£ ãÆ /api/notifications
Ôö£ ãÆ /api/partes
Ôö£ ãÆ /api/partes/[id]
Ôö£ ãÆ /api/production-records
Ôö£ ãÆ /api/production-records/[id]/open
Ôö£ ãÆ /api/production-records/check-pending
Ôö£ ãÆ /api/production-validations
Ôö£ ãÆ /api/production-validations/letra/[letra]
Ôö£ ãÆ /api/producto-envase
Ôö£ ãÆ /api/producto-pesos
Ôö£ ãÆ /api/products
Ôö£ ãÆ /api/products/[id]
Ôö£ ãÆ /api/products/check-id
Ôö£ ãÆ /api/push/subscribe
Ôö£ ãÆ /api/push/test
Ôö£ ãÆ /api/push/unsubscribe
Ôö£ ãÆ /api/push/vapid-public-key
Ôö£ ãÆ /api/registros-recepcion-formatos
Ôö£ ãÆ /api/registros-recepcion-formatos/[id]
Ôö£ ãÆ /api/resultados-microbiologicos
Ôö£ ãÆ /api/resultados-microbiologicos/[id]
Ôö£ ãÆ /api/setup-database
Ôö£ ãÆ /api/temperatura-envasado
Ôö£ ãÆ /api/temperatura-envasado/producto/[productoId]/existe
Ôö£ ãÆ /api/temperatura-envasado/rango/[productoId]/[envaseTipo]
Ôö£ ãÆ /api/temperatura-equipos
Ôö£ ãÆ /api/temperatura-equipos/[id]
Ôö£ ãÆ /api/test-audit
Ôö£ ãÆ /api/test-connection
Ôö£ ãÆ /api/test-db
Ôö£ ãÆ /api/test-db-connection
Ôö£ ãÆ /api/test-logs
Ôö£ Ôùï /dashboard
Ôö£ Ôùï /dashboard/embalaje
Ôö£ Ôùï /dashboard/lab-microbiologia
Ôö£ Ôùï /dashboard/materia-prima
Ôö£ Ôùï /dashboard/produccion
Ôö£ Ôùï /dashboard/supervisores
Ôö£ Ôùï /dashboard/supervisores/embalaje-pending
Ôö£ ãÆ /dashboard/supervisores/embalaje-record/[id]
Ôö£ Ôùï /dashboard/supervisores/embalaje-records
Ôö£ ãÆ /dashboard/supervisores/product/[id]
Ôö£ ãÆ /dashboard/supervisores/product/[id]/embalaje
Ôö£ ãÆ /dashboard/supervisores/product/[id]/records
Ôö£ ãÆ /dashboard/supervisores/production-record/[id]
Ôö£ Ôùï /dashboard/supervisores/records
Ôö£ Ôùï /dashboard/verificacion-bpm
Ôö£ Ôùï /login-simple
Ôö£ Ôùï /reset-password
Ôö£ Ôùï /supervisores
Ôö£ ãÆ /supervisores/[type]/[id]
Ôö£ Ôùï /tecnico
Ôö£ Ôùï /test-login
Ôö£ Ôùï /verification-pending
Ôöö Ôùï /verify-email


Ôùï  (Static)   prerendered as static content
ãÆ  (Dynamic)  server-rendered on demand

